Archive member included because of file (symbol)

contiki-z1.a(contiki-z1-plat)
                              obj_z1/contiki-z1-main.o (init_platform)
contiki-z1.a(msp430.o)        obj_z1/contiki-z1-main.o (splhigh_)
contiki-z1.a(leds.o)          obj_z1/contiki-z1-main.o (leds_init)
contiki-z1.a(watchdog.o)      obj_z1/contiki-z1-main.o (watchdog_start)
contiki-z1.a(xmem.o)          obj_z1/contiki-z1-main.o (xmem_init)
contiki-z1.a(spi.o)           contiki-z1.a(xmem.o) (spi_init)
contiki-z1.a(cc2420.o)        obj_z1/contiki-z1-main.o (cc2420_set_pan_addr)
contiki-z1.a(cc2420-arch.o)   contiki-z1.a(cc2420.o) (cc2420_arch_init)
contiki-z1.a(node-id.o)       obj_z1/contiki-z1-main.o (node_id_restore)
contiki-z1.a(sensors.o)       contiki-z1.a(contiki-z1-plat) (sensors_process)
contiki-z1.a(button-sensor.o)
                              obj_z1/contiki-z1-main.o (button_sensor)
contiki-z1.a(uart0.o)         obj_z1/contiki-z1-main.o (uart0_active)
contiki-z1.a(uart0-putchar.o)
                              obj_z1/contiki-z1-main.o (putchar)
contiki-z1.a(adxl345.o)       obj_z1/contiki-z1-main.o (accm_init)
contiki-z1.a(clock.o)         obj_z1/contiki-z1-main.o (clock_init)
contiki-z1.a(leds-arch.o)     contiki-z1.a(leds.o) (leds_arch_init)
contiki-z1.a(rtimer-arch.o)   obj_z1/contiki-z1-main.o (rtimer_arch_now)
contiki-z1.a(autostart.o)     obj_z1/contiki-z1-main.o (autostart_start)
contiki-z1.a(energest.o)      obj_z1/contiki-z1-main.o (energest_init)
contiki-z1.a(etimer.o)        contiki-z1.a(clock.o) (etimer_request_poll)
contiki-z1.a(ctimer.o)        obj_z1/contiki-z1-main.o (ctimer_init)
contiki-z1.a(process.o)       contiki-z1.a(etimer.o) (process_current)
contiki-z1.a(rtimer.o)        obj_z1/contiki-z1-main.o (rtimer_init)
contiki-z1.a(timer.o)         contiki-z1.a(button-sensor.o) (timer_set)
contiki-z1.a(list.o)          contiki-z1.a(ctimer.o) (list_init)
contiki-z1.a(uip-ds6.o)       obj_z1/contiki-z1-main.o (uip_ds6_get_link_local)
contiki-z1.a(uip-ds6-route.o)
                              contiki-z1.a(uip-ds6.o) (uip_ds6_route_init)
contiki-z1.a(uip6.o)          obj_z1/contiki-z1-main.o (uip_lladdr)
contiki-z1.a(uip-ds6-nbr.o)   contiki-z1.a(uip-ds6.o) (uip_ds6_neighbors_init)
contiki-z1.a(uip-nd6.o)       contiki-z1.a(uip-ds6-nbr.o) (uip_nd6_ns_output)
contiki-z1.a(sicslowpan.o)    smart_thermostat.co (sicslowpan_get_last_rssi)
contiki-z1.a(tcpip.o)         contiki-z1.a(sicslowpan.o) (tcpip_set_outputfunc)
contiki-z1.a(simple-udp.o)    smart_thermostat.co (simple_udp_sendto)
contiki-z1.a(uip-debug.o)     smart_thermostat.co (uip_debug_ipaddr_print)
contiki-z1.a(rpl-dag.o)       contiki-z1.a(tcpip.o) (rpl_repair_root)
contiki-z1.a(rpl-timers.o)    contiki-z1.a(rpl-dag.o) (rpl_reset_dio_timer)
contiki-z1.a(rpl-ext-header.)
                              contiki-z1.a(uip6.o) (rpl_verify_header)
contiki-z1.a(rpl.o)           contiki-z1.a(rpl-timers.o) (rpl_get_mode)
contiki-z1.a(rpl-mrhof.o)     contiki-z1.a(rpl-dag.o) (rpl_mrhof)
contiki-z1.a(queuebuf.o)      obj_z1/contiki-z1-main.o (queuebuf_init)
contiki-z1.a(nbr-table.o)     contiki-z1.a(uip-ds6-route.o) (nbr_table_register)
contiki-z1.a(packetbuf.o)     contiki-z1.a(queuebuf.o) (packetbuf_copyto)
contiki-z1.a(linkaddr.o)      obj_z1/contiki-z1-main.o (linkaddr_copy)
contiki-z1.a(framer-802154.o)
                              contiki-z1.a(sicslowpan.o) (framer_802154)
contiki-z1.a(frame802154.o)   contiki-z1.a(framer-802154.o) (frame802154_hdrlen)
contiki-z1.a(csma.o)          obj_z1/contiki-z1-main.o (csma_driver)
contiki-z1.a(framer.o)        contiki-z1.a(framer-802154.o) (framer_canonical_create_and_secure)
contiki-z1.a(contikimac.o)    obj_z1/contiki-z1-main.o (contikimac_driver)
contiki-z1.a(nullsec.o)       contiki-z1.a(sicslowpan.o) (nullsec_driver)
contiki-z1.a(i2cmaster.o)     contiki-z1.a(adxl345.o) (i2c_receiveinit)
contiki-z1.a(stimer.o)        contiki-z1.a(uip-ds6.o) (stimer_set)
contiki-z1.a(memb.o)          contiki-z1.a(uip-ds6-route.o) (memb_init)
contiki-z1.a(random.o)        contiki-z1.a(uip-ds6.o) (random_rand)
contiki-z1.a(uip-icmp6.o)     contiki-z1.a(uip6.o) (uip_icmp6_input)
contiki-z1.a(uip-udp-packet.)
                              contiki-z1.a(simple-udp.o) (uip_udp_packet_sendto)
contiki-z1.a(rpl-icmp6.o)     contiki-z1.a(rpl-timers.o) (dis_output)
contiki-z1.a(mac-sequence.o)  contiki-z1.a(contikimac.o) (mac_sequence_is_duplicate)
contiki-z1.a(mac.o)           contiki-z1.a(csma.o) (mac_call_sent_callback)
/usr/lib/gcc/msp430/4.6.3/mcpu-430x/mmpy-16/libgcc.a(_mulsi3.o)
                              contiki-z1.a(rpl-dag.o) (__mulsi3)
/usr/lib/gcc/msp430/4.6.3/mcpu-430x/mmpy-16/libgcc.a(_udivmod16.o)
                              contiki-z1.a(rpl-dag.o) (__udivhi3)
/usr/lib/gcc/msp430/4.6.3/mcpu-430x/mmpy-16/libgcc.a(_divmod16.o)
                              contiki-z1.a(sicslowpan.o) (__divhi3)
/usr/lib/gcc/msp430/4.6.3/mcpu-430x/mmpy-16/libgcc.a(_udivmod32.o)
[...]
Memory Configuration

Name             Origin             Length             Attributes
sfr              0x0000000000000000 0x0000000000000010
peripheral_8bit  0x0000000000000010 0x00000000000000f0
peripheral_16bit 0x0000000000000100 0x0000000000000100
ram_mirror       0x0000000000000200 0x0000000000000800 xw
infomem          0x0000000000001000 0x0000000000000100
infod            0x0000000000001000 0x0000000000000040
infoc            0x0000000000001040 0x0000000000000040
infob            0x0000000000001080 0x0000000000000040
infoa            0x00000000000010c0 0x0000000000000040
ram              0x0000000000001100 0x0000000000002000 xw
rom              0x0000000000003100 0x000000000000cebe xr
vectors          0x000000000000ffc0 0x0000000000000040
far_rom          0x0000000000010000 0x000000000000a000
bsl              0x0000000000000000 0x0000000000000000
ram2             0x0000000000000000 0x0000000000000000 xw
usbram           0x0000000000000000 0x0000000000000000 xw
*default*        0x0000000000000000 0xffffffffffffffff

Linker script and memory map

LOAD /usr/lib/gcc/msp430/4.6.3/mcpu-430x/mmpy-16/crt0ivtbl32.o
                0x0000000000000041                __P1SEL2 = 0x41
                0x0000000000000045                __P5SEL2 = 0x45
LOAD smart_thermostat.co
LOAD obj_z1/contiki-z1-main.o
LOAD contiki-z1.a
LOAD /usr/lib/gcc/msp430/4.6.3/mcpu-430x/mmpy-16/libgcc.a
LOAD /usr/lib/gcc/msp430/4.6.3/../../../../msp430/lib/mcpu-430x/mmpy-16/libc.a
LOAD /usr/lib/gcc/msp430/4.6.3/mcpu-430x/mmpy-16/libgcc.a
LOAD /usr/lib/gcc/msp430/4.6.3/mcpu-430x/mmpy-16/libcrt0.a
                0x0000000000000040                PROVIDE (__info_segment_size, 0x40)
                0x0000000000001000                PROVIDE (__infod, 0x1000)
                0x0000000000001040                PROVIDE (__infoc, 0x1040)
                0x0000000000001080                PROVIDE (__infob, 0x1080)
                0x00000000000010c0                PROVIDE (__infoa, 0x10c0)
                0x0000000000000000                __IE1 = 0x0
                0x0000000000000002                __IFG1 = 0x2
                0x0000000000000001                __IE2 = 0x1
                0x0000000000000003                __IFG2 = 0x3
                0x0000000000000006                __UC1IE = 0x6
                0x0000000000000007                __UC1IFG = 0x7
                0x00000000000001a0                __ADC12CTL0 = 0x1a0
                0x00000000000001a2                __ADC12CTL1 = 0x1a2
                0x00000000000001a4                __ADC12IFG = 0x1a4
                0x00000000000001a6                __ADC12IE = 0x1a6
                0x00000000000001a8                __ADC12IV = 0x1a8
                0x0000000000000140                __ADC12MEM0 = 0x140
                0x0000000000000142                __ADC12MEM1 = 0x142
                0x0000000000000144                __ADC12MEM2 = 0x144
                0x0000000000000146                __ADC12MEM3 = 0x146
                0x0000000000000148                __ADC12MEM4 = 0x148
                0x000000000000014a                __ADC12MEM5 = 0x14a
                0x000000000000014c                __ADC12MEM6 = 0x14c
                0x000000000000014e                __ADC12MEM7 = 0x14e
                0x0000000000000150                __ADC12MEM8 = 0x150
                0x0000000000000152                __ADC12MEM9 = 0x152
                0x0000000000000154                __ADC12MEM10 = 0x154
                0x0000000000000156                __ADC12MEM11 = 0x156
                0x0000000000000158                __ADC12MEM12 = 0x158
                0x000000000000015a                __ADC12MEM13 = 0x15a
                0x000000000000015c                __ADC12MEM14 = 0x15c
                0x000000000000015e                __ADC12MEM15 = 0x15e
                0x0000000000000080                __ADC12MCTL0 = 0x80
                0x0000000000000081                __ADC12MCTL1 = 0x81
                0x0000000000000082                __ADC12MCTL2 = 0x82
                0x0000000000000083                __ADC12MCTL3 = 0x83
                0x0000000000000084                __ADC12MCTL4 = 0x84
                0x0000000000000085                __ADC12MCTL5 = 0x85
                0x0000000000000086                __ADC12MCTL6 = 0x86
                0x0000000000000087                __ADC12MCTL7 = 0x87
                0x0000000000000088                __ADC12MCTL8 = 0x88
                0x0000000000000089                __ADC12MCTL9 = 0x89
                0x000000000000008a                __ADC12MCTL10 = 0x8a
                0x000000000000008b                __ADC12MCTL11 = 0x8b
                0x000000000000008c                __ADC12MCTL12 = 0x8c
                0x000000000000008d                __ADC12MCTL13 = 0x8d
                0x000000000000008e                __ADC12MCTL14 = 0x8e
                0x000000000000008f                __ADC12MCTL15 = 0x8f
                0x0000000000000056                __DCOCTL = 0x56
                0x0000000000000057                __BCSCTL1 = 0x57
                0x0000000000000058                __BCSCTL2 = 0x58
                0x0000000000000053                __BCSCTL3 = 0x53
                0x0000000000000059                __CACTL1 = 0x59
                0x000000000000005a                __CACTL2 = 0x5a
                0x000000000000005b                __CAPD = 0x5b
                0x00000000000001c0                __DAC12_0CTL = 0x1c0
                0x00000000000001c2                __DAC12_1CTL = 0x1c2
                0x00000000000001c8                __DAC12_0DAT = 0x1c8
                0x00000000000001ca                __DAC12_1DAT = 0x1ca
                0x0000000000000122                __DMACTL0 = 0x122
                0x0000000000000124                __DMACTL1 = 0x124
                0x0000000000000126                __DMAIV = 0x126
                0x00000000000001d0                __DMA0CTL = 0x1d0
                0x00000000000001dc                __DMA1CTL = 0x1dc
                0x00000000000001e8                __DMA2CTL = 0x1e8
                0x00000000000001d2                __DMA0SA = 0x1d2
                0x00000000000001d2                __DMA0SAL = 0x1d2
                0x00000000000001d6                __DMA0DA = 0x1d6
                0x00000000000001d6                __DMA0DAL = 0x1d6
                0x00000000000001da                __DMA0SZ = 0x1da
                0x00000000000001de                __DMA1SA = 0x1de
                0x00000000000001de                __DMA1SAL = 0x1de
                0x00000000000001e2                __DMA1DA = 0x1e2
                0x00000000000001e2                __DMA1DAL = 0x1e2
                0x00000000000001e6                __DMA1SZ = 0x1e6
                0x00000000000001ea                __DMA2SA = 0x1ea
                0x00000000000001ea                __DMA2SAL = 0x1ea
                0x00000000000001ee                __DMA2DA = 0x1ee
                0x00000000000001ee                __DMA2DAL = 0x1ee
                0x00000000000001f2                __DMA2SZ = 0x1f2
                0x0000000000000128                __FCTL1 = 0x128
                0x000000000000012a                __FCTL2 = 0x12a
                0x000000000000012c                __FCTL3 = 0x12c
                0x00000000000001be                __FCTL4 = 0x1be
                0x0000000000000130                __MPY = 0x130
                0x0000000000000132                __MPYS = 0x132
                0x0000000000000134                __MAC = 0x134
                0x0000000000000136                __MACS = 0x136
                0x0000000000000138                __OP2 = 0x138
                0x000000000000013a                __RESLO = 0x13a
                0x000000000000013c                __RESHI = 0x13c
                0x000000000000013e                __SUMEXT = 0x13e
                0x0000000000000020                __P1IN = 0x20
                0x0000000000000021                __P1OUT = 0x21
                0x0000000000000022                __P1DIR = 0x22
                0x0000000000000023                __P1IFG = 0x23
                0x0000000000000024                __P1IES = 0x24
                0x0000000000000025                __P1IE = 0x25
                0x0000000000000026                __P1SEL = 0x26
                0x0000000000000027                __P1REN = 0x27
                0x0000000000000028                __P2IN = 0x28
                0x0000000000000029                __P2OUT = 0x29
                0x000000000000002a                __P2DIR = 0x2a
                0x000000000000002b                __P2IFG = 0x2b
                0x000000000000002c                __P2IES = 0x2c
                0x000000000000002d                __P2IE = 0x2d
                0x000000000000002e                __P2SEL = 0x2e
                0x000000000000002f                __P2REN = 0x2f
                0x0000000000000018                __P3IN = 0x18
                0x0000000000000019                __P3OUT = 0x19
                0x000000000000001a                __P3DIR = 0x1a
                0x000000000000001b                __P3SEL = 0x1b
                0x0000000000000010                __P3REN = 0x10
                0x000000000000001c                __P4IN = 0x1c
                0x000000000000001d                __P4OUT = 0x1d
                0x000000000000001e                __P4DIR = 0x1e
                0x000000000000001f                __P4SEL = 0x1f
                0x0000000000000011                __P4REN = 0x11
                0x0000000000000030                __P5IN = 0x30
                0x0000000000000031                __P5OUT = 0x31
                0x0000000000000032                __P5DIR = 0x32
                0x0000000000000033                __P5SEL = 0x33
                0x0000000000000012                __P5REN = 0x12
                0x0000000000000034                __P6IN = 0x34
                0x0000000000000035                __P6OUT = 0x35
                0x0000000000000036                __P6DIR = 0x36
                0x0000000000000037                __P6SEL = 0x37
                0x0000000000000013                __P6REN = 0x13
                0x0000000000000038                __P7IN = 0x38
                0x000000000000003a                __P7OUT = 0x3a
                0x000000000000003c                __P7DIR = 0x3c
                0x000000000000003e                __P7SEL = 0x3e
                0x0000000000000014                __P7REN = 0x14
                0x0000000000000039                __P8IN = 0x39
                0x000000000000003b                __P8OUT = 0x3b
                0x000000000000003d                __P8DIR = 0x3d
                0x000000000000003f                __P8SEL = 0x3f
                0x0000000000000015                __P8REN = 0x15
                0x0000000000000038                __PAIN = 0x38
                0x000000000000003a                __PAOUT = 0x3a
                0x000000000000003c                __PADIR = 0x3c
                0x000000000000003e                __PASEL = 0x3e
                0x0000000000000014                __PAREN = 0x14
                0x0000000000000055                __SVSCTL = 0x55
                0x000000000000012e                __TAIV = 0x12e
                0x0000000000000160                __TACTL = 0x160
                0x0000000000000162                __TACCTL0 = 0x162
                0x0000000000000164                __TACCTL1 = 0x164
                0x0000000000000166                __TACCTL2 = 0x166
                0x0000000000000170                __TAR = 0x170
                0x0000000000000172                __TACCR0 = 0x172
                0x0000000000000174                __TACCR1 = 0x174
                0x0000000000000176                __TACCR2 = 0x176
                0x000000000000011e                __TBIV = 0x11e
                0x0000000000000180                __TBCTL = 0x180
                0x0000000000000182                __TBCCTL0 = 0x182
                0x0000000000000184                __TBCCTL1 = 0x184
                0x0000000000000186                __TBCCTL2 = 0x186
                0x0000000000000188                __TBCCTL3 = 0x188
                0x000000000000018a                __TBCCTL4 = 0x18a
                0x000000000000018c                __TBCCTL5 = 0x18c
                0x000000000000018e                __TBCCTL6 = 0x18e
                0x0000000000000190                __TBR = 0x190
                0x0000000000000192                __TBCCR0 = 0x192
                0x0000000000000194                __TBCCR1 = 0x194
                0x0000000000000196                __TBCCR2 = 0x196
                0x0000000000000198                __TBCCR3 = 0x198
                0x000000000000019a                __TBCCR4 = 0x19a
                0x000000000000019c                __TBCCR5 = 0x19c
                0x000000000000019e                __TBCCR6 = 0x19e
                0x0000000000000060                __UCA0CTL0 = 0x60
                0x0000000000000061                __UCA0CTL1 = 0x61
                0x0000000000000062                __UCA0BR0 = 0x62
                0x0000000000000063                __UCA0BR1 = 0x63
                0x0000000000000064                __UCA0MCTL = 0x64
                0x0000000000000065                __UCA0STAT = 0x65
                0x0000000000000066                __UCA0RXBUF = 0x66
                0x0000000000000067                __UCA0TXBUF = 0x67
                0x000000000000005d                __UCA0ABCTL = 0x5d
                0x000000000000005e                __UCA0IRTCTL = 0x5e
                0x000000000000005f                __UCA0IRRCTL = 0x5f
                0x0000000000000068                __UCB0CTL0 = 0x68
                0x0000000000000069                __UCB0CTL1 = 0x69
                0x000000000000006a                __UCB0BR0 = 0x6a
                0x000000000000006b                __UCB0BR1 = 0x6b
                0x000000000000006c                __UCB0I2CIE = 0x6c
                0x000000000000006d                __UCB0STAT = 0x6d
                0x000000000000006e                __UCB0RXBUF = 0x6e
                0x000000000000006f                __UCB0TXBUF = 0x6f
                0x0000000000000118                __UCB0I2COA = 0x118
                0x000000000000011a                __UCB0I2CSA = 0x11a
                0x00000000000000d0                __UCA1CTL0 = 0xd0
                0x00000000000000d1                __UCA1CTL1 = 0xd1
                0x00000000000000d2                __UCA1BR0 = 0xd2
                0x00000000000000d3                __UCA1BR1 = 0xd3
                0x00000000000000d4                __UCA1MCTL = 0xd4
                0x00000000000000d5                __UCA1STAT = 0xd5
                0x00000000000000d6                __UCA1RXBUF = 0xd6
                0x00000000000000d7                __UCA1TXBUF = 0xd7
                0x00000000000000cd                __UCA1ABCTL = 0xcd
                0x00000000000000ce                __UCA1IRTCTL = 0xce
                0x00000000000000cf                __UCA1IRRCTL = 0xcf
                0x00000000000000d8                __UCB1CTL0 = 0xd8
                0x00000000000000d9                __UCB1CTL1 = 0xd9
                0x00000000000000da                __UCB1BR0 = 0xda
                0x00000000000000db                __UCB1BR1 = 0xdb
                0x00000000000000dc                __UCB1I2CIE = 0xdc
                0x00000000000000dd                __UCB1STAT = 0xdd
                0x00000000000000de                __UCB1RXBUF = 0xde
                0x00000000000000df                __UCB1TXBUF = 0xdf
                0x000000000000017c                __UCB1I2COA = 0x17c
                0x000000000000017e                __UCB1I2CSA = 0x17e
                0x0000000000000120                __WDTCTL = 0x120
                0x00000000000010c0                __TLV_CHECKSUM = 0x10c0
                0x00000000000010f6                __TLV_DCO_30_TAG = 0x10f6
                0x00000000000010f7                __TLV_DCO_30_LEN = 0x10f7
                0x00000000000010da                __TLV_ADC12_1_TAG = 0x10da
                0x00000000000010db                __TLV_ADC12_1_LEN = 0x10db
                0x00000000000010f8                __CALDCO_16MHZ = 0x10f8
                0x00000000000010f9                __CALBC1_16MHZ = 0x10f9
                0x00000000000010fa                __CALDCO_12MHZ = 0x10fa
                0x00000000000010fb                __CALBC1_12MHZ = 0x10fb
                0x00000000000010fc                __CALDCO_8MHZ = 0x10fc
                0x00000000000010fd                __CALBC1_8MHZ = 0x10fd
                0x00000000000010fe                __CALDCO_1MHZ = 0x10fe
                0x00000000000010ff                __CALBC1_1MHZ = 0x10ff

.hash
 *(.hash)

.dynsym
 *(.dynsym)

.dynstr
 *(.dynstr)

.gnu.version
 *(.gnu.version)

.gnu.version_d
 *(.gnu.version_d)

.gnu.version_r
 *(.gnu.version_r)

.rel.init
 *(.rel.init)

.rela.init
 *(.rela.init)

.rel.fini
 *(.rel.fini)

.rela.fini
 *(.rela.fini)

.rel.text
 *(.rel.text .rel.text.* .rel.gnu.linkonce.t.*)

.rela.text
 *(.rela.text .rela.text.* .rela.gnu.linkonce.t.*)

.rel.rodata
 *(.rel.rodata .rel.rodata.* .rel.gnu.linkonce.r.*)

.rela.rodata
 *(.rela.rodata .rela.rodata.* .rela.gnu.linkonce.r.*)

.rel.data
 *(.rel.data .rel.data.* .rel.gnu.linkonce.d.*)

.rela.data
 *(.rela.data .rela.data.* .rela.gnu.linkonce.d.*)

.rel.bss
 *(.rel.bss .rel.bss.* .rel.gnu.linkonce.b.*)

.rela.bss
 *(.rela.bss .rela.bss.* .rela.gnu.linkonce.b.*)

.rel.ctors
 *(.rel.ctors)

.rela.ctors
 *(.rela.ctors)

.rel.dtors
 *(.rel.dtors)

.rela.dtors
 *(.rela.dtors)

.rel.got
 *(.rel.got)

.rela.got
 *(.rela.got)

.rel.plt
 *(.rel.plt)

.rela.plt
 *(.rela.plt)

.text           0x0000000000003100     0xb9ee
                0x0000000000003100                . = ALIGN (0x2)
 *(.init .init.*)
 *(.init0)
 .init0         0x0000000000003100        0x0 /usr/lib/gcc/msp430/4.6.3/mcpu-430x/mmpy-16/libcrt0.a(_reset_vector__.o)
                0x0000000000003100                _reset_vector__
 *(.init1)
 .init1         0x0000000000003100        0xc /usr/lib/gcc/msp430/4.6.3/mcpu-430x/mmpy-16/libcrt0.a(__watchdog_support.o)
                0x0000000000003100                __watchdog_support
 *(.init2)
 .init2         0x000000000000310c        0x4 /usr/lib/gcc/msp430/4.6.3/mcpu-430x/mmpy-16/libcrt0.a(__init_stack.o)
                0x000000000000310c                __init_stack
 *(.init3)
 .init3         0x0000000000003110        0x0 /usr/lib/gcc/msp430/4.6.3/mcpu-430x/mmpy-16/libcrt0.a(__low_level_init.o)
                0x0000000000003110                __low_level_init
 *(.init4)
 .init4         0x0000000000003110       0x18 /usr/lib/gcc/msp430/4.6.3/mcpu-430x/mmpy-16/libcrt0.a(_copy_data.o)
                0x0000000000003110                __do_copy_data
 .init4         0x0000000000003128       0x16 /usr/lib/gcc/msp430/4.6.3/mcpu-430x/mmpy-16/libcrt0.a(_clear_bss.o)
                0x0000000000003128                __do_clear_bss
 *(.init5)
 *(.init6)
 *(.init7)
 *(.init8)
 *(.init9)
 .init9         0x000000000000313e      0x35c obj_z1/contiki-z1-main.o
                0x000000000000313e                main
 *(.fini9)
 .fini9         0x000000000000349a        0x0 /usr/lib/gcc/msp430/4.6.3/mcpu-430x/mmpy-16/libcrt0.a(__stop_progExec__.o)
                0x000000000000349a                __stop_progExec__
 *(.fini8)
 *(.fini7)
 *(.fini6)
 *(.fini5)
 *(.fini4)
 *(.fini3)
 *(.fini2)
 *(.fini1)
 *(.fini0)
 .fini0         0x000000000000349a        0x6 /usr/lib/gcc/msp430/4.6.3/mcpu-430x/mmpy-16/libcrt0.a(_endless_loop__.o)
                0x000000000000349a                _endless_loop__
 *(.fini .fini.*)
                0x00000000000034a0                . = ALIGN (0x2)
                0x00000000000034a0                __ctors_start = .
 *(.ctors)
                0x00000000000034a0                __ctors_end = .
                0x00000000000034a0                __dtors_start = .
 *(.dtors)
                0x00000000000034a0                __dtors_end = .
                0x00000000000034a0                . = ALIGN (0x2)
 *(.text .text.* .gnu.linkonce.t.*)
 .text          0x00000000000034a0        0x4 /usr/lib/gcc/msp430/4.6.3/mcpu-430x/mmpy-16/crt0ivtbl32.o
                0x00000000000034a0                __isr_14
                0x00000000000034a0                __isr_4
                0x00000000000034a0                __isr_29
                0x00000000000034a0                __isr_11
                0x00000000000034a0                __isr_5
                0x00000000000034a0                __isr_2
                0x00000000000034a0                __isr_10
                0x00000000000034a0                __isr_7
                0x00000000000034a0                __isr_0
                0x00000000000034a0                __isr_28
                0x00000000000034a0                __isr_8
                0x00000000000034a0                __isr_20
                0x00000000000034a0                __isr_3
                0x00000000000034a0                __isr_12
                0x00000000000034a0                __isr_13
                0x00000000000034a0                __isr_27
                0x00000000000034a0                __isr_9
                0x00000000000034a0                __isr_30
                0x00000000000034a0                __isr_6
                0x00000000000034a0                __isr_22
                0x00000000000034a0                __isr_1
                0x00000000000034a0                __isr_15
                0x00000000000034a0                __isr_21
 .text.crt0     0x00000000000034a4        0x0 /usr/lib/gcc/msp430/4.6.3/mcpu-430x/mmpy-16/crt0ivtbl32.o
 .text          0x00000000000034a4      0x438 smart_thermostat.co
                0x00000000000034a4                cb_receive_udp
                0x00000000000034be                connect_udp_server
                0x0000000000003514                ipaddr_sprintf
 .text          0x00000000000038dc        0x6 obj_z1/contiki-z1-main.o
                0x00000000000038dc                uip_log
 .text          0x00000000000038e2        0xc contiki-z1.a(contiki-z1-plat)
                0x00000000000038e2                init_platform
 .text          0x00000000000038ee       0xcc contiki-z1.a(msp430.o)
                0x00000000000038ee                msp430_init_dco
                0x0000000000003916                splhigh_
                0x000000000000391e                msp430_sync_dco
                0x0000000000003990                msp430_cpu_init
 .text          0x00000000000039ba      0x146 contiki-z1.a(leds.o)
                0x0000000000003aa8                leds_init
                0x0000000000003ab2                leds_get
                0x0000000000003ab8                leds_set
                0x0000000000003abe                leds_on
                0x0000000000003ac8                leds_off
                0x0000000000003ad6                leds_toggle
                0x0000000000003ae0                leds_blink
 .text          0x0000000000003b00       0x5c contiki-z1.a(watchdog.o)
                0x0000000000003b00                __isr_26
                0x0000000000003b00                watchdog_interrupt
                0x0000000000003b06                watchdog_start
                0x0000000000003b1a                watchdog_periodic
                0x0000000000003b2c                watchdog_stop
                0x0000000000003b42                watchdog_init
                0x0000000000003b56                watchdog_reboot
 .text          0x0000000000003b5c      0x350 contiki-z1.a(xmem.o)
                0x0000000000003bd4                xmem_init
                0x0000000000003bf2                xmem_pread
                0x0000000000003cc2                xmem_pwrite
                0x0000000000003df6                xmem_erase
 .text          0x0000000000003eac       0x38 contiki-z1.a(spi.o)
                0x0000000000003eac                spi_init
 .text          0x0000000000003ee4      0xa12 contiki-z1.a(cc2420.o)
                0x0000000000004274                cc2420_on
                0x0000000000004296                cc2420_off
                0x00000000000044a8                cc2420_get_channel
                0x00000000000044ae                cc2420_set_channel
                0x00000000000044e8                cc2420_set_pan_addr
                0x0000000000004534                cc2420_interrupt
                0x000000000000454c                cc2420_set_txpower
                0x000000000000455a                cc2420_get_txpower
                0x0000000000004690                cc2420_rssi
                0x000000000000477e                cc2420_set_cca_threshold
                0x0000000000004818                cc2420_init
 .text          0x00000000000048f6       0x1a contiki-z1.a(cc2420-arch.o)
                0x00000000000048f6                cc2420_arch_init
 .text          0x0000000000004910       0x9a contiki-z1.a(node-id.o)
                0x0000000000004910                node_id_restore
                0x000000000000495c                node_id_burn
 .text          0x00000000000049aa      0x158 contiki-z1.a(sensors.o)
                0x0000000000004a68                sensors_first
                0x0000000000004a6e                sensors_next
                0x0000000000004a9a                sensors_changed
                0x0000000000004ac4                sensors_find
 .text          0x0000000000004b02      0x100 contiki-z1.a(button-sensor.o)
                0x0000000000004b8c                irq_p2
                0x0000000000004b8c                __isr_19
 .text          0x0000000000004c02       0xd8 contiki-z1.a(uart0.o)
                0x0000000000004c02                uart0_active
                0x0000000000004c10                uart0_set_input
                0x0000000000004c16                uart0_writeb
                0x0000000000004c2e                uart0_init
                0x0000000000004c74                __isr_23
                0x0000000000004c74                uart0_rx_interrupt
 .text          0x0000000000004cda       0x10 contiki-z1.a(uart0-putchar.o)
                0x0000000000004cda                putchar
 .text          0x0000000000004cea      0x318 contiki-z1.a(adxl345.o)
                0x0000000000004cea                accm_write_reg
                0x0000000000004d18                accm_write_stream
                0x0000000000004d42                accm_read_reg
                0x0000000000004dec                accm_read_stream
                0x0000000000004e3e                accm_read_axis
                0x0000000000004e64                accm_set_grange
                0x0000000000004e88                accm_init
                0x0000000000004f12                accm_set_irq
                0x0000000000004f3e                port1_isr
                0x0000000000004f3e                __isr_18
 .text          0x0000000000005002      0x1e8 contiki-z1.a(clock.o)
                0x0000000000005002                __isr_24
                0x0000000000005002                timera1
                0x000000000000510c                clock_time
                0x0000000000005126                clock_set
                0x000000000000513c                clock_fine_max
                0x0000000000005142                clock_fine
                0x000000000000514e                clock_init
                0x0000000000005176                clock_delay
                0x0000000000005182                clock_wait
                0x00000000000051aa                clock_set_seconds
                0x00000000000051c2                clock_seconds
                0x00000000000051dc                clock_counter
 .text          0x00000000000051ea       0x78 contiki-z1.a(leds-arch.o)
                0x00000000000051ea                leds_arch_init
                0x00000000000051f8                leds_arch_get
                0x0000000000005228                leds_arch_set
 .text          0x0000000000005262       0x7e contiki-z1.a(rtimer-arch.o)
                0x0000000000005262                rtimer_arch_init
                0x0000000000005270                rtimer_arch_now
                0x000000000000527e                __isr_25
                0x000000000000527e                timera0
                0x00000000000052da                rtimer_arch_schedule
 .text          0x00000000000052e0       0x2a contiki-z1.a(autostart.o)
                0x00000000000052e0                autostart_start
                0x00000000000052f6                autostart_exit
 .text          0x000000000000530a       0xae contiki-z1.a(energest.o)
                0x000000000000530a                energest_init
                0x0000000000005332                energest_type_time
                0x000000000000536e                energest_leveldevice_leveltime
                0x0000000000005374                energest_type_set
                0x0000000000005380                energest_flush
 .text          0x00000000000053b8      0x252 contiki-z1.a(etimer.o)
                0x0000000000005428                etimer_request_poll
                0x0000000000005532                etimer_set
                0x0000000000005544                etimer_reset
                0x0000000000005556                etimer_restart
                0x0000000000005568                etimer_adjust
                0x0000000000005582                etimer_expired
                0x0000000000005590                etimer_expiration_time
                0x00000000000055a4                etimer_start_time
                0x00000000000055ac                etimer_pending
                0x00000000000055b8                etimer_next_expiration_time
                0x00000000000055ce                etimer_stop
 .text          0x000000000000560a      0x1ae contiki-z1.a(ctimer.o)
                0x00000000000056a6                ctimer_init
                0x00000000000056be                ctimer_set
                0x0000000000005706                ctimer_reset
                0x0000000000005732                ctimer_restart
                0x000000000000575e                ctimer_stop
                0x0000000000005786                ctimer_expired
 .text          0x00000000000057b8      0x2a0 contiki-z1.a(process.o)
                0x00000000000058b8                process_alloc_event
                0x00000000000058c6                process_exit
                0x00000000000058d0                process_init
                0x00000000000058ec                process_run
                0x0000000000005990                process_nevents
                0x000000000000599e                process_post
                0x00000000000059ee                process_post_synch
                0x0000000000005a00                process_start
                0x0000000000005a32                process_poll
                0x0000000000005a4a                process_is_running
 .text          0x0000000000005a58       0x50 contiki-z1.a(rtimer.o)
                0x0000000000005a58                rtimer_init
                0x0000000000005a5e                rtimer_set
                0x0000000000005a82                rtimer_run_next
 .text          0x0000000000005aa8       0x8c contiki-z1.a(timer.o)
                0x0000000000005aa8                timer_set
                0x0000000000005ac4                timer_reset
                0x0000000000005ad2                timer_restart
                0x0000000000005ae6                timer_expired
                0x0000000000005b10                timer_remaining
 .text          0x0000000000005b34       0xf6 contiki-z1.a(list.o)
                0x0000000000005b34                list_init
                0x0000000000005b3a                list_head
                0x0000000000005b3e                list_copy
                0x0000000000005b44                list_tail
                0x0000000000005b56                list_chop
                0x0000000000005b7a                list_pop
                0x0000000000005b88                list_remove
                0x0000000000005bbc                list_push
                0x0000000000005bd2                list_add
                0x0000000000005bf8                list_length
                0x0000000000005c08                list_insert
                0x0000000000005c1e                list_item_next
 .text          0x0000000000005c2a      0x68c contiki-z1.a(uip-ds6.o)
                0x0000000000005c2a                uip_ds6_list_loop
                0x0000000000005c90                uip_ds6_prefix_add
                0x0000000000005d00                uip_ds6_prefix_rm
                0x0000000000005d0a                uip_ds6_prefix_lookup
                0x0000000000005d32                uip_ds6_is_addr_onlink
                0x0000000000005d74                uip_ds6_addr_lookup
                0x0000000000005d9e                uip_ds6_get_link_local
                0x0000000000005ddc                uip_ds6_get_global
                0x0000000000005e1a                uip_ds6_maddr_add
                0x0000000000005e62                uip_ds6_addr_add
                0x0000000000005f16                uip_ds6_maddr_rm
                0x0000000000005f20                uip_ds6_maddr_lookup
                0x0000000000005f4a                uip_ds6_addr_rm
                0x0000000000005f9e                uip_ds6_periodic
                0x0000000000005fe8                uip_ds6_aaddr_add
                0x000000000000602e                uip_ds6_aaddr_rm
                0x0000000000006038                uip_ds6_aaddr_lookup
                0x0000000000006060                uip_ds6_set_addr_iid
                0x0000000000006074                get_match_length
                0x00000000000060ae                uip_ds6_select_src
                0x0000000000006148                uip_ds6_compute_reachable_time
                0x000000000000617e                uip_ds6_init
 .text          0x00000000000062b6      0x472 contiki-z1.a(uip-ds6-route.o)
                0x00000000000062f6                uip_ds6_notification_add
                0x000000000000630e                uip_ds6_notification_rm
                0x000000000000631a                uip_ds6_route_init
                0x0000000000006350                uip_ds6_route_nexthop
                0x000000000000636a                uip_ds6_route_head
                0x0000000000006374                uip_ds6_route_next
                0x0000000000006382                uip_ds6_route_num_routes
                0x0000000000006388                uip_ds6_route_lookup
                0x00000000000063f6                uip_ds6_route_rm
                0x00000000000064d0                uip_ds6_route_add
                0x00000000000065c8                uip_ds6_route_rm_by_nexthop
                0x00000000000065dc                uip_ds6_defrt_rm
                0x0000000000006620                uip_ds6_defrt_lookup
                0x0000000000006652                uip_ds6_defrt_add
                0x00000000000066ba                uip_ds6_defrt_choose
                0x00000000000066f0                uip_ds6_defrt_periodic
 .text          0x0000000000006728     0x1380 contiki-z1.a(uip6.o)
                0x000000000000687c                uip_add32
                0x00000000000068e0                uip_chksum
                0x00000000000068f8                uip_icmp6chksum
                0x0000000000006902                uip_tcpchksum
                0x000000000000690c                uip_udpchksum
                0x0000000000006916                uip_init
                0x0000000000006978                uip_connect
                0x0000000000006a94                remove_ext_hdr
                0x0000000000006aea                uip_udp_new
                0x0000000000006bae                uip_unlisten
                0x0000000000006bd8                uip_listen
                0x0000000000006c04                uip_process
                0x0000000000007a0a                uip_htons
                0x0000000000007a16                uip_htonl
                0x0000000000007a40                uip_send
 .text.unlikely
                0x0000000000007aa8       0x2e contiki-z1.a(uip6.o)
 .text          0x0000000000007ad6      0x29e contiki-z1.a(uip-ds6-nbr.o)
                0x0000000000007ad6                uip_ds6_nbr_rm
                0x0000000000007af0                uip_ds6_neighbors_init
                0x0000000000007afe                uip_ds6_nbr_add
                0x0000000000007b52                uip_ds6_nbr_get_ipaddr
                0x0000000000007b54                uip_ds6_nbr_get_ll
                0x0000000000007b60                uip_ds6_nbr_num
                0x0000000000007b84                uip_ds6_nbr_lookup
                0x0000000000007bc2                uip_ds6_nbr_ll_lookup
                0x0000000000007bce                uip_ds6_nbr_ipaddr_from_lladdr
                0x0000000000007bd4                uip_ds6_nbr_lladdr_from_ipaddr
                0x0000000000007be6                uip_ds6_link_neighbor_callback
                0x0000000000007c0c                uip_ds6_neighbor_periodic
                0x0000000000007d28                uip_ds6_get_least_lifetime_neighbor
 .text          0x0000000000007d74      0x556 contiki-z1.a(uip-nd6.o)
                0x0000000000008164                uip_nd6_ns_output
                0x00000000000082b8                uip_nd6_init
 .text          0x00000000000082ca      0xefc contiki-z1.a(sicslowpan.o)
                0x0000000000008a72                sicslowpan_init
                0x00000000000091b4                rime_sniffer_add
                0x00000000000091ba                rime_sniffer_remove
                0x00000000000091c0                sicslowpan_get_last_rssi
 .text          0x00000000000091c6      0x4ca contiki-z1.a(tcpip.o)
                0x00000000000091dc                tcpip_output
                0x00000000000091ec                tcpip_set_outputfunc
                0x00000000000091f2                tcp_unlisten
                0x0000000000009224                tcp_listen
                0x0000000000009258                tcp_attach
                0x0000000000009264                udp_attach
                0x0000000000009270                udp_new
                0x000000000000928a                udp_broadcast_new
                0x00000000000092d0                tcpip_input
                0x00000000000092e6                tcpip_ipv6_output
                0x00000000000095e0                tcpip_poll_udp
                0x00000000000095ee                tcpip_poll_tcp
                0x00000000000095fc                tcp_connect
                0x000000000000961e                tcpip_uipcall
 .text          0x0000000000009690      0x19a contiki-z1.a(simple-udp.o)
                0x000000000000972c                simple_udp_send
                0x0000000000009756                simple_udp_sendto
                0x000000000000977e                simple_udp_sendto_port
                0x00000000000097a4                simple_udp_register
 .text          0x000000000000982a       0xac contiki-z1.a(uip-debug.o)
                0x000000000000982a                uip_debug_ipaddr_print
                0x000000000000989a                uip_debug_lladdr_print
 .text          0x00000000000098d6      0xfc8 contiki-z1.a(rpl-dag.o)
                0x0000000000009a3e                rpl_get_nbr
                0x0000000000009a5c                rpl_print_neighbor_list
                0x0000000000009b44                rpl_dag_init
                0x0000000000009b52                rpl_get_parent
                0x0000000000009b5e                rpl_get_parent_rank
                0x0000000000009b76                rpl_get_parent_link_metric
                0x0000000000009b8e                rpl_get_parent_ipaddr
                0x0000000000009b9e                rpl_set_prefix
                0x0000000000009c12                rpl_set_default_route
                0x0000000000009c68                rpl_alloc_instance
                0x0000000000009c9c                rpl_set_default_instance
                0x0000000000009ca2                rpl_get_default_instance
                0x0000000000009ca8                rpl_add_parent
                0x0000000000009cf6                rpl_find_parent
                0x0000000000009d10                rpl_find_parent_any_dag
                0x0000000000009d32                rpl_select_parent
                0x0000000000009da8                rpl_select_dag
                0x0000000000009f1a                rpl_nullify_parent
                0x0000000000009f6a                rpl_remove_parent
                0x0000000000009fb4                rpl_free_dag
                0x0000000000009fea                rpl_free_instance
                0x000000000000a052                rpl_move_parent
                0x000000000000a0a4                rpl_get_any_dag
                0x000000000000a0bc                rpl_get_instance
                0x000000000000a0d6                rpl_alloc_dag
                0x000000000000a132                rpl_repair_root
                0x000000000000a182                rpl_set_root
                0x000000000000a29c                rpl_find_of
                0x000000000000a2ac                rpl_join_instance
                0x000000000000a3d4                rpl_local_repair
                0x000000000000a438                rpl_process_parent_event
                0x000000000000a47e                rpl_recalculate_ranks
                0x000000000000a4c6                rpl_add_dag
                0x000000000000a5c8                rpl_process_dio
                0x000000000000a892                rpl_lock_parent
 .text          0x000000000000a89e      0x44c contiki-z1.a(rpl-timers.o)
                0x000000000000ab06                rpl_reset_periodic_timer
                0x000000000000ab62                rpl_reset_dio_timer
                0x000000000000ab7a                rpl_schedule_dao
                0x000000000000ab86                rpl_schedule_dao_immediately
                0x000000000000ab90                rpl_cancel_dao
                0x000000000000abaa                rpl_schedule_probing
 .text          0x000000000000acea      0x336 contiki-z1.a(rpl-ext-header.)
                0x000000000000acea                rpl_verify_header
                0x000000000000ad9c                rpl_update_header_empty
                0x000000000000aebe                rpl_update_header_final
                0x000000000000af52                rpl_remove_header
                0x000000000000af9c                rpl_invert_header
                0x000000000000b00e                rpl_insert_header
 .text          0x000000000000b020      0x254 contiki-z1.a(rpl.o)
                0x000000000000b020                rpl_get_mode
                0x000000000000b026                rpl_set_mode
                0x000000000000b062                rpl_purge_routes
                0x000000000000b0f8                rpl_remove_routes
                0x000000000000b11a                rpl_remove_routes_by_nexthop
                0x000000000000b158                rpl_add_route
                0x000000000000b198                rpl_link_neighbor_callback
                0x000000000000b20c                rpl_ipv6_neighbor_callback
                0x000000000000b22a                rpl_init
 .text          0x000000000000b274      0x170 contiki-z1.a(rpl-mrhof.o)
 .text          0x000000000000b3e4      0x13c contiki-z1.a(queuebuf.o)
                0x000000000000b3e4                queuebuf_init
                0x000000000000b3f6                queuebuf_numfree
                0x000000000000b400                queuebuf_new_from_packetbuf
                0x000000000000b44e                queuebuf_update_attr_from_packetbuf
                0x000000000000b460                queuebuf_update_from_packetbuf
                0x000000000000b482                queuebuf_free
                0x000000000000b4ac                queuebuf_to_packetbuf
                0x000000000000b4de                queuebuf_dataptr
                0x000000000000b4fa                queuebuf_datalen
                0x000000000000b502                queuebuf_addr
                0x000000000000b510                queuebuf_attr
                0x000000000000b51e                queuebuf_debug_print
 .text          0x000000000000b520      0x464 contiki-z1.a(nbr-table.o)
                0x000000000000b6a6                nbr_table_register
                0x000000000000b6cc                nbr_table_next
                0x000000000000b744                nbr_table_head
                0x000000000000b776                nbr_table_add_lladdr
                0x000000000000b8a2                nbr_table_get_from_lladdr
                0x000000000000b8e6                nbr_table_remove
                0x000000000000b910                nbr_table_lock
                0x000000000000b920                nbr_table_unlock
                0x000000000000b930                nbr_table_get_lladdr
 .text          0x000000000000b984      0x1e2 contiki-z1.a(packetbuf.o)
                0x000000000000b984                packetbuf_clear_hdr
                0x000000000000b98c                packetbuf_compact
                0x000000000000b9ba                packetbuf_copyto_hdr
                0x000000000000b9d6                packetbuf_copyto
                0x000000000000ba1c                packetbuf_hdr_remove
                0x000000000000ba22                packetbuf_hdrreduce
                0x000000000000ba3c                packetbuf_set_datalen
                0x000000000000ba42                packetbuf_dataptr
                0x000000000000ba50                packetbuf_hdrptr
                0x000000000000ba5a                packetbuf_datalen
                0x000000000000ba60                packetbuf_hdrlen
                0x000000000000ba70                packetbuf_totlen
                0x000000000000ba7c                packetbuf_hdralloc
                0x000000000000baa6                packetbuf_attr_clear
                0x000000000000bace                packetbuf_clear
                0x000000000000bae8                packetbuf_copyfrom
                0x000000000000bb12                packetbuf_attr_copyto
                0x000000000000bb34                packetbuf_attr_copyfrom
                0x000000000000bb58                packetbuf_holds_broadcast
 .text          0x000000000000bb66       0x26 contiki-z1.a(linkaddr.o)
                0x000000000000bb66                linkaddr_copy
                0x000000000000bb6e                linkaddr_cmp
                0x000000000000bb80                linkaddr_set_node_addr
 .text          0x000000000000bb8c      0x1b4 contiki-z1.a(framer-802154.o)
 .text          0x000000000000bd40      0x35a contiki-z1.a(frame802154.o)
                0x000000000000bdd4                frame802154_hdrlen
                0x000000000000be02                frame802154_create
                0x000000000000bf14                frame802154_parse
 .text          0x000000000000c09a      0x376 contiki-z1.a(csma.o)
 .text          0x000000000000c410       0x20 contiki-z1.a(framer.o)
                0x000000000000c410                framer_canonical_create_and_secure
 .text          0x000000000000c430      0x602 contiki-z1.a(contikimac.o)
                0x000000000000ca2e                contikimac_debug_print
 .text          0x000000000000ca32       0x1c contiki-z1.a(nullsec.o)
 .text          0x000000000000ca4e      0x1b2 contiki-z1.a(i2cmaster.o)
                0x000000000000ca4e                i2c_setrate
                0x000000000000ca54                i2c_receiveinit
                0x000000000000ca8c                i2c_transmitinit
                0x000000000000cabe                i2c_receive_n
                0x000000000000cb02                i2c_busy
                0x000000000000cb0c                i2c_enable
                0x000000000000cb30                i2c_disable
                0x000000000000cb4a                i2c_transmit_n
                0x000000000000cb5e                __isr_16
                0x000000000000cb5e                i2c_tx_interrupt
                0x000000000000cbe8                i2c_rx_interrupt
                0x000000000000cbe8                __isr_17
 .text          0x000000000000cc00       0xa4 contiki-z1.a(stimer.o)
                0x000000000000cc00                stimer_set
                0x000000000000cc1c                stimer_reset
                0x000000000000cc2a                stimer_restart
                0x000000000000cc3e                stimer_expired
                0x000000000000cc6e                stimer_remaining
                0x000000000000cc92                stimer_elapsed
 .text          0x000000000000cca4      0x102 contiki-z1.a(memb.o)
                0x000000000000cca4                memb_init
                0x000000000000ccda                memb_alloc
                0x000000000000cd18                memb_free
                0x000000000000cd52                memb_inmemb
                0x000000000000cd80                memb_numfree
 .text          0x000000000000cda6        0xc contiki-z1.a(random.o)
                0x000000000000cda6                random_init
                0x000000000000cdac                random_rand
 .text          0x000000000000cdb2      0x4a0 contiki-z1.a(uip-icmp6.o)
                0x000000000000cfe4                uip_icmp6_input
                0x000000000000d024                uip_icmp6_register_input_handler
                0x000000000000d030                uip_icmp6_error_output
                0x000000000000d196                uip_icmp6_send
                0x000000000000d21c                uip_icmp6_echo_reply_callback_add
                0x000000000000d234                uip_icmp6_echo_reply_callback_rm
                0x000000000000d240                uip_icmp6_init
 .text          0x000000000000d252       0x84 contiki-z1.a(uip-udp-packet.)
                0x000000000000d252                uip_udp_packet_send
                0x000000000000d280                uip_udp_packet_sendto
 .text          0x000000000000d2d6      0xa06 contiki-z1.a(rpl-icmp6.o)
                0x000000000000d60c                dis_output
                0x000000000000d65c                dio_output
                0x000000000000d8c6                dao_output_target
                0x000000000000d998                dao_output
                0x000000000000da02                dao_ack_output
                0x000000000000dcba                rpl_icmp6_register_handlers
 .text          0x000000000000dcdc       0xa8 contiki-z1.a(mac-sequence.o)
                0x000000000000dcdc                mac_sequence_is_duplicate
                0x000000000000dd18                mac_sequence_register_seqno
 .text          0x000000000000dd84       0x14 contiki-z1.a(mac.o)
                0x000000000000dd84                mac_call_sent_callback
 .text          0x000000000000dd98        0x0 /usr/lib/gcc/msp430/4.6.3/mcpu-430x/mmpy-16/libgcc.a(_mulsi3.o)
 .text.libgcc   0x000000000000dd98       0x2a /usr/lib/gcc/msp430/4.6.3/mcpu-430x/mmpy-16/libgcc.a(_mulsi3.o)
                0x000000000000dd98                __mulsi3
 .text          0x000000000000ddc2        0x0 /usr/lib/gcc/msp430/4.6.3/mcpu-430x/mmpy-16/libgcc.a(_udivmod16.o)
 .text.libgcc   0x000000000000ddc2       0x22 /usr/lib/gcc/msp430/4.6.3/mcpu-430x/mmpy-16/libgcc.a(_udivmod16.o)
                0x000000000000ddc2                __udivhi3
                0x000000000000ddc2                __ext_udivmod16
                0x000000000000dddc                __umodhi3
 .text          0x000000000000dde4        0x0 /usr/lib/gcc/msp430/4.6.3/mcpu-430x/mmpy-16/libgcc.a(_divmod16.o)
 .text.libgcc   0x000000000000dde4       0x3a /usr/lib/gcc/msp430/4.6.3/mcpu-430x/mmpy-16/libgcc.a(_divmod16.o)
                0x000000000000dde4                __ext_divmod16
                0x000000000000dde4                __divhi3
                0x000000000000de16                __modhi3
 .text          0x000000000000de1e        0x0 /usr/lib/gcc/msp430/4.6.3/mcpu-430x/mmpy-16/libgcc.a(_udivmod32.o)
 .text.libgcc   0x000000000000de1e       0x38 /usr/lib/gcc/msp430/4.6.3/mcpu-430x/mmpy-16/libgcc.a(_udivmod32.o)
                0x000000000000de1e                __udivsi3
                0x000000000000de1e                __ext_udivmod32
                0x000000000000de4c                __umodsi3
 .text          0x000000000000de56       0x28 /usr/lib/gcc/msp430/4.6.3/../../../../msp430/lib/mcpu-430x/mmpy-16/libc.a(strncmp.o)
                0x000000000000de56                strncmp
 .text          0x000000000000de7e       0x20 /usr/lib/gcc/msp430/4.6.3/../../../../msp430/lib/mcpu-430x/mmpy-16/libc.a(memcmp.o)
                0x000000000000de7e                memcmp
 .text          0x000000000000de9e       0xe4 /usr/lib/gcc/msp430/4.6.3/../../../../msp430/lib/mcpu-430x/mmpy-16/libc.a(memcpy.o)
                0x000000000000de9e                memcpy
 .text          0x000000000000df82       0xe4 /usr/lib/gcc/msp430/4.6.3/../../../../msp430/lib/mcpu-430x/mmpy-16/libc.a(memmove.o)
                0x000000000000df82                memmove
 .text          0x000000000000e066       0x5c /usr/lib/gcc/msp430/4.6.3/../../../../msp430/lib/mcpu-430x/mmpy-16/libc.a(memset.o)
                0x000000000000e066                memset
 .text          0x000000000000e0c2       0x1e /usr/lib/gcc/msp430/4.6.3/../../../../msp430/lib/mcpu-430x/mmpy-16/libc.a(printf.o)
                0x000000000000e0c2                printf
                0x000000000000e0d2                vprintf
 .text          0x000000000000e0e0       0xb8 /usr/lib/gcc/msp430/4.6.3/../../../../msp430/lib/mcpu-430x/mmpy-16/libc.a(sprintf.o)
                0x000000000000e13a                sprintf
                0x000000000000e156                snprintf
                0x000000000000e170                vsprintf
                0x000000000000e186                vsnprintf
 .text          0x000000000000e198      0x818 /usr/lib/gcc/msp430/4.6.3/../../../../msp430/lib/mcpu-430x/mmpy-16/libc.a(vuprintf.o)
                0x000000000000e314                vuprintf
 .text          0x000000000000e9b0       0x2c /usr/lib/gcc/msp430/4.6.3/../../../../msp430/lib/mcpu-430x/mmpy-16/libc.a(puts.o)
                0x000000000000e9b0                puts
 .text          0x000000000000e9dc       0x54 /usr/lib/gcc/msp430/4.6.3/../../../../msp430/lib/mcpu-430x/mmpy-16/libc.a(rand.o)
                0x000000000000e9dc                rand_r
                0x000000000000ea00                rand
                0x000000000000ea26                srand
 .text          0x000000000000ea30        0x0 /usr/lib/gcc/msp430/4.6.3/mcpu-430x/mmpy-16/libgcc.a(_udivmod64.o)
 .text.libgcc   0x000000000000ea30       0xbc /usr/lib/gcc/msp430/4.6.3/mcpu-430x/mmpy-16/libgcc.a(_udivmod64.o)
                0x000000000000ea30                __xabi_udivmod64
                0x000000000000ea82                __udivdi3
                0x000000000000ea9c                __umoddi3
                0x000000000000eabe                __udivmoddi4
 .text          0x000000000000eaec        0x0 /usr/lib/gcc/msp430/4.6.3/mcpu-430x/mmpy-16/libcrt0.a(_reset_vector__.o)
 .text          0x000000000000eaec        0x0 /usr/lib/gcc/msp430/4.6.3/mcpu-430x/mmpy-16/libcrt0.a(__watchdog_support.o)
 .text          0x000000000000eaec        0x0 /usr/lib/gcc/msp430/4.6.3/mcpu-430x/mmpy-16/libcrt0.a(__init_stack.o)
 .text          0x000000000000eaec        0x0 /usr/lib/gcc/msp430/4.6.3/mcpu-430x/mmpy-16/libcrt0.a(__low_level_init.o)
 .text          0x000000000000eaec        0x0 /usr/lib/gcc/msp430/4.6.3/mcpu-430x/mmpy-16/libcrt0.a(_copy_data.o)
 .text          0x000000000000eaec        0x0 /usr/lib/gcc/msp430/4.6.3/mcpu-430x/mmpy-16/libcrt0.a(_clear_bss.o)
 .text          0x000000000000eaec        0x0 /usr/lib/gcc/msp430/4.6.3/mcpu-430x/mmpy-16/libcrt0.a(__stop_progExec__.o)
 .text          0x000000000000eaec        0x0 /usr/lib/gcc/msp430/4.6.3/mcpu-430x/mmpy-16/libcrt0.a(_endless_loop__.o)
 .text          0x000000000000eaec        0x0 /usr/lib/gcc/msp430/4.6.3/mcpu-430x/mmpy-16/libcrt0.a(_unexpected_.o)
 .text.crt0     0x000000000000eaec        0x2 /usr/lib/gcc/msp430/4.6.3/mcpu-430x/mmpy-16/libcrt0.a(_unexpected_.o)
                0x000000000000eaec                _unexpected_
                0x000000000000eaee                . = ALIGN (0x2)

.rodata         0x000000000000eaee      0x452
                0x000000000000eaee                . = ALIGN (0x2)
 *(.rodata .rodata.* .gnu.linkonce.r.*)
 .rodata        0x000000000000eaee      0x124 smart_thermostat.co
                0x000000000000ebfa                autostart_processes
 .rodata        0x000000000000ec12      0x107 obj_z1/contiki-z1-main.o
 .rodata        0x000000000000ed19       0x2c contiki-z1.a(xmem.o)
 *fill*         0x000000000000ed45        0x1 00
 .rodata        0x000000000000ed46       0x5a contiki-z1.a(cc2420.o)
                0x000000000000ed62                cc2420_aes_128_driver
                0x000000000000ed66                cc2420_driver
 .rodata        0x000000000000eda0        0x8 contiki-z1.a(sensors.o)
 .rodata        0x000000000000eda8       0x10 contiki-z1.a(button-sensor.o)
                0x000000000000edb0                button_sensor
 .rodata        0x000000000000edb8       0x16 contiki-z1.a(adxl345.o)
 .rodata        0x000000000000edce        0xc contiki-z1.a(etimer.o)
 .rodata        0x000000000000edda        0xf contiki-z1.a(ctimer.o)
 *fill*         0x000000000000ede9        0x1 00
 .rodata        0x000000000000edea       0x20 contiki-z1.a(uip6.o)
 .rodata        0x000000000000ee0a       0x24 contiki-z1.a(sicslowpan.o)
                0x000000000000ee16                sicslowpan_driver
                0x000000000000ee1c                llprefix
                0x000000000000ee1e                unc_mxconf
                0x000000000000ee22                unc_ctxconf
                0x000000000000ee26                unc_llconf
 .rodata        0x000000000000ee2e        0xd contiki-z1.a(tcpip.o)
 .rodata        0x000000000000ee3b       0x13 contiki-z1.a(simple-udp.o)
 .rodata        0x000000000000ee4e       0x29 contiki-z1.a(uip-debug.o)
 .rodata        0x000000000000ee77       0x6a contiki-z1.a(rpl-dag.o)
 *fill*         0x000000000000eee1        0x1 00
 .rodata        0x000000000000eee2        0x8 contiki-z1.a(linkaddr.o)
                0x000000000000eee2                linkaddr_null
 .rodata        0x000000000000eeea        0x8 contiki-z1.a(framer-802154.o)
                0x000000000000eeea                framer_802154
 .rodata        0x000000000000eef2        0x2 contiki-z1.a(frame802154.o)
 .rodata        0x000000000000eef4       0x14 contiki-z1.a(csma.o)
                0x000000000000eefa                csma_driver
 .rodata        0x000000000000ef08       0x1c contiki-z1.a(contikimac.o)
                0x000000000000ef14                contikimac_driver
 .rodata        0x000000000000ef24       0x14 contiki-z1.a(nullsec.o)
                0x000000000000ef2c                nullsec_driver
 .rodata        0x000000000000ef38        0x7 /usr/lib/gcc/msp430/4.6.3/../../../../msp430/lib/mcpu-430x/mmpy-16/libc.a(vuprintf.o)
                0x000000000000ef40                . = ALIGN (0x2)
 *fill*         0x000000000000ef3f        0x1 00
                0x000000000000ef40                _etext = .

.data           0x0000000000001100      0x126 load address 0x000000000000ef40
                0x0000000000001100                . = ALIGN (0x2)
                0x0000000000001100                PROVIDE (__data_start, .)
 *(.data .data.* .gnu.linkonce.d.*)
 .data          0x0000000000001100        0x0 /usr/lib/gcc/msp430/4.6.3/mcpu-430x/mmpy-16/crt0ivtbl32.o
 .data          0x0000000000001100       0x1a smart_thermostat.co
                0x0000000000001100                init_system_proc
                0x000000000000110a                voc_increasing
                0x000000000000110b                pm_increasing
                0x000000000000110c                co2_increasing
                0x000000000000110d                hum_increasing
                0x000000000000110e                temp_increasing
                0x0000000000001110                voc
                0x0000000000001112                co2
                0x0000000000001114                pm
                0x0000000000001116                hum
                0x0000000000001118                temp
 .data          0x000000000000111a        0x4 obj_z1/contiki-z1-main.o
                0x000000000000111a                sensors
 .data          0x000000000000111e        0x0 contiki-z1.a(contiki-z1-plat)
 .data          0x000000000000111e        0x2 contiki-z1.a(msp430.o)
 .data          0x0000000000001120        0x0 contiki-z1.a(leds.o)
 .data          0x0000000000001120        0x0 contiki-z1.a(watchdog.o)
 .data          0x0000000000001120        0x0 contiki-z1.a(xmem.o)
 .data          0x0000000000001120        0x0 contiki-z1.a(spi.o)
 .data          0x0000000000001120        0xa contiki-z1.a(cc2420.o)
                0x0000000000001120                cc2420_process
 .data          0x000000000000112a        0x0 contiki-z1.a(cc2420-arch.o)
 .data          0x000000000000112a        0x0 contiki-z1.a(node-id.o)
 .data          0x000000000000112a        0xa contiki-z1.a(sensors.o)
                0x000000000000112a                sensors_process
 .data          0x0000000000001134        0x0 contiki-z1.a(button-sensor.o)
 .data          0x0000000000001134        0x0 contiki-z1.a(uart0.o)
 .data          0x0000000000001134        0x0 contiki-z1.a(uart0-putchar.o)
 .data          0x0000000000001134       0x20 contiki-z1.a(adxl345.o)
                0x0000000000001134                accmeter_process
 .data          0x0000000000001154        0x0 contiki-z1.a(clock.o)
 .data          0x0000000000001154        0x0 contiki-z1.a(leds-arch.o)
 .data          0x0000000000001154        0x0 contiki-z1.a(rtimer-arch.o)
 .data          0x0000000000001154        0x0 contiki-z1.a(autostart.o)
 .data          0x0000000000001154        0x0 contiki-z1.a(energest.o)
 .data          0x0000000000001154        0xa contiki-z1.a(etimer.o)
                0x0000000000001154                etimer_process
 .data          0x000000000000115e        0xa contiki-z1.a(ctimer.o)
                0x000000000000115e                ctimer_process
 .data          0x0000000000001168        0x0 contiki-z1.a(process.o)
 .data          0x0000000000001168        0x0 contiki-z1.a(rtimer.o)
 .data          0x0000000000001168        0x0 contiki-z1.a(timer.o)
 .data          0x0000000000001168        0x0 contiki-z1.a(list.o)
 .data          0x0000000000001168        0x0 contiki-z1.a(uip-ds6.o)
 .data          0x0000000000001168       0x20 contiki-z1.a(uip-ds6-route.o)
 .data          0x0000000000001188        0x0 contiki-z1.a(uip6.o)
 .data          0x0000000000001188        0xa contiki-z1.a(uip-ds6-nbr.o)
                0x0000000000001188                ds6_neighbors
 .data          0x0000000000001192        0xc contiki-z1.a(uip-nd6.o)
 .data          0x000000000000119e        0x0 contiki-z1.a(sicslowpan.o)
 .data          0x000000000000119e        0xa contiki-z1.a(tcpip.o)
                0x000000000000119e                tcpip_process
 .data          0x00000000000011a8        0xa contiki-z1.a(simple-udp.o)
                0x00000000000011a8                simple_udp_process
 .data          0x00000000000011b2        0x0 contiki-z1.a(uip-debug.o)
 .data          0x00000000000011b2        0xa contiki-z1.a(rpl-dag.o)
                0x00000000000011b2                rpl_parents
 .data          0x00000000000011bc        0x0 contiki-z1.a(rpl-timers.o)
 .data          0x00000000000011bc        0x0 contiki-z1.a(rpl-ext-header.)
 .data          0x00000000000011bc        0x0 contiki-z1.a(rpl.o)
 .data          0x00000000000011bc        0xe contiki-z1.a(rpl-mrhof.o)
                0x00000000000011bc                rpl_mrhof
 .data          0x00000000000011ca       0x10 contiki-z1.a(queuebuf.o)
 .data          0x00000000000011da        0x8 contiki-z1.a(nbr-table.o)
 .data          0x00000000000011e2        0x0 contiki-z1.a(packetbuf.o)
 .data          0x00000000000011e2        0x0 contiki-z1.a(linkaddr.o)
 .data          0x00000000000011e2        0x0 contiki-z1.a(framer-802154.o)
 .data          0x00000000000011e2        0x0 contiki-z1.a(frame802154.o)
 .data          0x00000000000011e2       0x18 contiki-z1.a(csma.o)
 .data          0x00000000000011fa        0x0 contiki-z1.a(framer.o)
 .data          0x00000000000011fa        0x0 contiki-z1.a(contikimac.o)
 .data          0x00000000000011fa        0x0 contiki-z1.a(nullsec.o)
 .data          0x00000000000011fa        0x1 contiki-z1.a(i2cmaster.o)
                0x00000000000011fa                prescale_lsb
 .data          0x00000000000011fb        0x0 contiki-z1.a(stimer.o)
 .data          0x00000000000011fb        0x0 contiki-z1.a(memb.o)
 .data          0x00000000000011fb        0x0 contiki-z1.a(random.o)
 *fill*         0x00000000000011fb        0x1 00
 .data          0x00000000000011fc        0xc contiki-z1.a(uip-icmp6.o)
 .data          0x0000000000001208        0x0 contiki-z1.a(uip-udp-packet.)
 .data          0x0000000000001208       0x1a contiki-z1.a(rpl-icmp6.o)
 .data          0x0000000000001222        0x0 contiki-z1.a(mac-sequence.o)
 .data          0x0000000000001222        0x0 contiki-z1.a(mac.o)
 .data          0x0000000000001222        0x0 /usr/lib/gcc/msp430/4.6.3/mcpu-430x/mmpy-16/libgcc.a(_mulsi3.o)
 .data          0x0000000000001222        0x0 /usr/lib/gcc/msp430/4.6.3/mcpu-430x/mmpy-16/libgcc.a(_udivmod16.o)
 .data          0x0000000000001222        0x0 /usr/lib/gcc/msp430/4.6.3/mcpu-430x/mmpy-16/libgcc.a(_divmod16.o)
 .data          0x0000000000001222        0x0 /usr/lib/gcc/msp430/4.6.3/mcpu-430x/mmpy-16/libgcc.a(_udivmod32.o)
 .data          0x0000000000001222        0x0 /usr/lib/gcc/msp430/4.6.3/../../../../msp430/lib/mcpu-430x/mmpy-16/libc.a(strncmp.o)
 .data          0x0000000000001222        0x0 /usr/lib/gcc/msp430/4.6.3/../../../../msp430/lib/mcpu-430x/mmpy-16/libc.a(memcmp.o)
 .data          0x0000000000001222        0x0 /usr/lib/gcc/msp430/4.6.3/../../../../msp430/lib/mcpu-430x/mmpy-16/libc.a(memcpy.o)
 .data          0x0000000000001222        0x0 /usr/lib/gcc/msp430/4.6.3/../../../../msp430/lib/mcpu-430x/mmpy-16/libc.a(memmove.o)
 .data          0x0000000000001222        0x0 /usr/lib/gcc/msp430/4.6.3/../../../../msp430/lib/mcpu-430x/mmpy-16/libc.a(memset.o)
 .data          0x0000000000001222        0x0 /usr/lib/gcc/msp430/4.6.3/../../../../msp430/lib/mcpu-430x/mmpy-16/libc.a(printf.o)
 .data          0x0000000000001222        0x0 /usr/lib/gcc/msp430/4.6.3/../../../../msp430/lib/mcpu-430x/mmpy-16/libc.a(sprintf.o)
 .data          0x0000000000001222        0x0 /usr/lib/gcc/msp430/4.6.3/../../../../msp430/lib/mcpu-430x/mmpy-16/libc.a(vuprintf.o)
 .data          0x0000000000001222        0x0 /usr/lib/gcc/msp430/4.6.3/../../../../msp430/lib/mcpu-430x/mmpy-16/libc.a(puts.o)
 .data          0x0000000000001222        0x4 /usr/lib/gcc/msp430/4.6.3/../../../../msp430/lib/mcpu-430x/mmpy-16/libc.a(rand.o)
 .data          0x0000000000001226        0x0 /usr/lib/gcc/msp430/4.6.3/mcpu-430x/mmpy-16/libgcc.a(_udivmod64.o)
 .data          0x0000000000001226        0x0 /usr/lib/gcc/msp430/4.6.3/mcpu-430x/mmpy-16/libcrt0.a(_reset_vector__.o)
 .data          0x0000000000001226        0x0 /usr/lib/gcc/msp430/4.6.3/mcpu-430x/mmpy-16/libcrt0.a(__watchdog_support.o)
 .data          0x0000000000001226        0x0 /usr/lib/gcc/msp430/4.6.3/mcpu-430x/mmpy-16/libcrt0.a(__init_stack.o)
 .data          0x0000000000001226        0x0 /usr/lib/gcc/msp430/4.6.3/mcpu-430x/mmpy-16/libcrt0.a(__low_level_init.o)
 .data          0x0000000000001226        0x0 /usr/lib/gcc/msp430/4.6.3/mcpu-430x/mmpy-16/libcrt0.a(_copy_data.o)
 .data          0x0000000000001226        0x0 /usr/lib/gcc/msp430/4.6.3/mcpu-430x/mmpy-16/libcrt0.a(_clear_bss.o)
 .data          0x0000000000001226        0x0 /usr/lib/gcc/msp430/4.6.3/mcpu-430x/mmpy-16/libcrt0.a(__stop_progExec__.o)
 .data          0x0000000000001226        0x0 /usr/lib/gcc/msp430/4.6.3/mcpu-430x/mmpy-16/libcrt0.a(_endless_loop__.o)
 .data          0x0000000000001226        0x0 /usr/lib/gcc/msp430/4.6.3/mcpu-430x/mmpy-16/libcrt0.a(_unexpected_.o)
                0x0000000000001226                . = ALIGN (0x2)
                0x0000000000001226                _edata = .
                0x000000000000ef40                PROVIDE (__data_load_start, LOADADDR (.data))
                0x0000000000000126                PROVIDE (__data_size, SIZEOF (.data))

.bss            0x0000000000001226     0x13a4 load address 0x000000000000f066
                0x0000000000001226                PROVIDE (__bss_start, .)
 *(.bss .bss.*)
 .bss           0x0000000000001226        0x0 /usr/lib/gcc/msp430/4.6.3/mcpu-430x/mmpy-16/crt0ivtbl32.o
 .bss           0x0000000000001226       0x38 smart_thermostat.co
 .bss           0x000000000000125e        0x4 obj_z1/contiki-z1-main.o
 .bss           0x0000000000001262        0x0 contiki-z1.a(contiki-z1-plat)
 .bss           0x0000000000001262        0x0 contiki-z1.a(msp430.o)
 .bss           0x0000000000001262        0x1 contiki-z1.a(leds.o)
 *fill*         0x0000000000001263        0x1 00
 .bss           0x0000000000001264        0x2 contiki-z1.a(watchdog.o)
 .bss           0x0000000000001266        0x0 contiki-z1.a(xmem.o)
 .bss           0x0000000000001266        0x2 contiki-z1.a(spi.o)
                0x0000000000001266                spi_busy
 .bss           0x0000000000001268        0x8 contiki-z1.a(cc2420.o)
 .bss           0x0000000000001270        0x0 contiki-z1.a(cc2420-arch.o)
 .bss           0x0000000000001270        0x2 contiki-z1.a(node-id.o)
                0x0000000000001270                node_id
 .bss           0x0000000000001272        0x6 contiki-z1.a(sensors.o)
 .bss           0x0000000000001278        0x8 contiki-z1.a(button-sensor.o)
 .bss           0x0000000000001280        0x4 contiki-z1.a(uart0.o)
 .bss           0x0000000000001284        0x0 contiki-z1.a(uart0-putchar.o)
 .bss           0x0000000000001284       0x16 contiki-z1.a(adxl345.o)
 .bss           0x000000000000129a        0xa contiki-z1.a(clock.o)
 .bss           0x00000000000012a4        0x0 contiki-z1.a(leds-arch.o)
 .bss           0x00000000000012a4        0x0 contiki-z1.a(rtimer-arch.o)
 .bss           0x00000000000012a4        0x0 contiki-z1.a(autostart.o)
 .bss           0x00000000000012a4        0x0 contiki-z1.a(energest.o)
 .bss           0x00000000000012a4        0x6 contiki-z1.a(etimer.o)
 .bss           0x00000000000012aa        0x4 contiki-z1.a(ctimer.o)
 .bss           0x00000000000012ae       0x42 contiki-z1.a(process.o)
                0x00000000000012ae                process_current
                0x00000000000012b0                process_list
 .bss           0x00000000000012f0        0x2 contiki-z1.a(rtimer.o)
 .bss           0x00000000000012f2        0x0 contiki-z1.a(timer.o)
 .bss           0x00000000000012f2        0x0 contiki-z1.a(list.o)
 .bss           0x00000000000012f2       0x18 contiki-z1.a(uip-ds6.o)
 .bss           0x000000000000130a      0x29c contiki-z1.a(uip-ds6-route.o)
 .bss           0x00000000000015a6       0x12 contiki-z1.a(uip6.o)
                0x00000000000015a6                uip_ext_opt_offset
                0x00000000000015a8                uip_ext_len
                0x00000000000015aa                uip_ext_bitmap
 .bss           0x00000000000015b8      0x23a contiki-z1.a(uip-ds6-nbr.o)
 .bss           0x00000000000017f2        0xa contiki-z1.a(uip-nd6.o)
 .bss           0x00000000000017fc       0xc0 contiki-z1.a(sicslowpan.o)
 .bss           0x00000000000018bc       0x36 contiki-z1.a(tcpip.o)
 .bss           0x00000000000018f2       0x8e contiki-z1.a(simple-udp.o)
 .bss           0x0000000000001980        0x0 contiki-z1.a(uip-debug.o)
 .bss           0x0000000000001980       0xb4 contiki-z1.a(rpl-dag.o)
 .bss           0x0000000000001a34       0x18 contiki-z1.a(rpl-timers.o)
 .bss           0x0000000000001a4c        0x0 contiki-z1.a(rpl-ext-header.)
 .bss           0x0000000000001a4c        0x2 contiki-z1.a(rpl.o)
 .bss           0x0000000000001a4e        0x0 contiki-z1.a(rpl-mrhof.o)
 .bss           0x0000000000001a4e      0x2d0 contiki-z1.a(queuebuf.o)
 .bss           0x0000000000001d1e       0xda contiki-z1.a(nbr-table.o)
 .bss           0x0000000000001df8       0xb8 contiki-z1.a(packetbuf.o)
 .bss           0x0000000000001eb0        0x0 contiki-z1.a(linkaddr.o)
 .bss           0x0000000000001eb0        0x2 contiki-z1.a(framer-802154.o)
 .bss           0x0000000000001eb2        0x0 contiki-z1.a(frame802154.o)
 .bss           0x0000000000001eb2       0x8c contiki-z1.a(csma.o)
 .bss           0x0000000000001f3e        0x0 contiki-z1.a(framer.o)
 .bss           0x0000000000001f3e       0x2a contiki-z1.a(contikimac.o)
 .bss           0x0000000000001f68        0x0 contiki-z1.a(nullsec.o)
 .bss           0x0000000000001f68        0x4 contiki-z1.a(i2cmaster.o)
                0x0000000000001f68                prescale_msb
 .bss           0x0000000000001f6c        0x0 contiki-z1.a(stimer.o)
 .bss           0x0000000000001f6c        0x0 contiki-z1.a(memb.o)
 .bss           0x0000000000001f6c        0x0 contiki-z1.a(random.o)
 .bss           0x0000000000001f6c       0x14 contiki-z1.a(uip-icmp6.o)
 .bss           0x0000000000001f80        0x0 contiki-z1.a(uip-udp-packet.)
 .bss           0x0000000000001f80        0x0 contiki-z1.a(rpl-icmp6.o)
 .bss           0x0000000000001f80       0xa0 contiki-z1.a(mac-sequence.o)
 .bss           0x0000000000002020        0x0 contiki-z1.a(mac.o)
 .bss           0x0000000000002020        0x0 /usr/lib/gcc/msp430/4.6.3/mcpu-430x/mmpy-16/libgcc.a(_mulsi3.o)
 .bss           0x0000000000002020        0x0 /usr/lib/gcc/msp430/4.6.3/mcpu-430x/mmpy-16/libgcc.a(_udivmod16.o)
 .bss           0x0000000000002020        0x0 /usr/lib/gcc/msp430/4.6.3/mcpu-430x/mmpy-16/libgcc.a(_divmod16.o)
 .bss           0x0000000000002020        0x0 /usr/lib/gcc/msp430/4.6.3/mcpu-430x/mmpy-16/libgcc.a(_udivmod32.o)
 .bss           0x0000000000002020        0x0 /usr/lib/gcc/msp430/4.6.3/../../../../msp430/lib/mcpu-430x/mmpy-16/libc.a(strncmp.o)
 .bss           0x0000000000002020        0x0 /usr/lib/gcc/msp430/4.6.3/../../../../msp430/lib/mcpu-430x/mmpy-16/libc.a(memcmp.o)
 .bss           0x0000000000002020        0x0 /usr/lib/gcc/msp430/4.6.3/../../../../msp430/lib/mcpu-430x/mmpy-16/libc.a(memcpy.o)
 .bss           0x0000000000002020        0x0 /usr/lib/gcc/msp430/4.6.3/../../../../msp430/lib/mcpu-430x/mmpy-16/libc.a(memmove.o)
 .bss           0x0000000000002020        0x0 /usr/lib/gcc/msp430/4.6.3/../../../../msp430/lib/mcpu-430x/mmpy-16/libc.a(memset.o)
 .bss           0x0000000000002020        0x0 /usr/lib/gcc/msp430/4.6.3/../../../../msp430/lib/mcpu-430x/mmpy-16/libc.a(printf.o)
 .bss           0x0000000000002020        0x4 /usr/lib/gcc/msp430/4.6.3/../../../../msp430/lib/mcpu-430x/mmpy-16/libc.a(sprintf.o)
 .bss           0x0000000000002024        0x0 /usr/lib/gcc/msp430/4.6.3/../../../../msp430/lib/mcpu-430x/mmpy-16/libc.a(vuprintf.o)
 .bss           0x0000000000002024        0x0 /usr/lib/gcc/msp430/4.6.3/../../../../msp430/lib/mcpu-430x/mmpy-16/libc.a(puts.o)
 .bss           0x0000000000002024        0x0 /usr/lib/gcc/msp430/4.6.3/../../../../msp430/lib/mcpu-430x/mmpy-16/libc.a(rand.o)
 .bss           0x0000000000002024        0x0 /usr/lib/gcc/msp430/4.6.3/mcpu-430x/mmpy-16/libgcc.a(_udivmod64.o)
 .bss           0x0000000000002024        0x0 /usr/lib/gcc/msp430/4.6.3/mcpu-430x/mmpy-16/libcrt0.a(_reset_vector__.o)
 .bss           0x0000000000002024        0x0 /usr/lib/gcc/msp430/4.6.3/mcpu-430x/mmpy-16/libcrt0.a(__watchdog_support.o)
 .bss           0x0000000000002024        0x0 /usr/lib/gcc/msp430/4.6.3/mcpu-430x/mmpy-16/libcrt0.a(__init_stack.o)
 .bss           0x0000000000002024        0x0 /usr/lib/gcc/msp430/4.6.3/mcpu-430x/mmpy-16/libcrt0.a(__low_level_init.o)
 .bss           0x0000000000002024        0x0 /usr/lib/gcc/msp430/4.6.3/mcpu-430x/mmpy-16/libcrt0.a(_copy_data.o)
 .bss           0x0000000000002024        0x0 /usr/lib/gcc/msp430/4.6.3/mcpu-430x/mmpy-16/libcrt0.a(_clear_bss.o)
 .bss           0x0000000000002024        0x0 /usr/lib/gcc/msp430/4.6.3/mcpu-430x/mmpy-16/libcrt0.a(__stop_progExec__.o)
 .bss           0x0000000000002024        0x0 /usr/lib/gcc/msp430/4.6.3/mcpu-430x/mmpy-16/libcrt0.a(_endless_loop__.o)
 .bss           0x0000000000002024        0x0 /usr/lib/gcc/msp430/4.6.3/mcpu-430x/mmpy-16/libcrt0.a(_unexpected_.o)
 *(COMMON)
 COMMON         0x0000000000002024        0x2 obj_z1/contiki-z1-main.o
                0x0000000000002024                sensors_flags
 COMMON         0x0000000000002026       0x10 contiki-z1.a(cc2420.o)
                0x0000000000002026                cc2420_last_rssi
                0x0000000000002028                cc2420_sfd_start_time
                0x000000000000202a                cc2420_time_of_departure
                0x000000000000202c                cc2420_time_of_arrival
                0x000000000000202e                cc2420_last_correlation
                0x0000000000002030                cc2420_authority_level_of_sender
                0x0000000000002032                cc2420_sfd_counter
                0x0000000000002034                cc2420_sfd_end_time
 COMMON         0x0000000000002036        0x8 contiki-z1.a(node-id.o)
                0x0000000000002036                node_mac
 COMMON         0x000000000000203e        0x1 contiki-z1.a(sensors.o)
                0x000000000000203e                sensors_event
 *fill*         0x000000000000203f        0x1 00
 COMMON         0x0000000000002040        0x7 contiki-z1.a(adxl345.o)
                0x0000000000002040                accm_int2_cb
                0x0000000000002042                int2_event
                0x0000000000002044                accm_int1_cb
                0x0000000000002046                int1_event
 *fill*         0x0000000000002047        0x1 00
 COMMON         0x0000000000002048       0x56 contiki-z1.a(energest.o)
                0x0000000000002048                energest_total_time
                0x0000000000002078                energest_total_count
                0x000000000000207a                energest_current_mode
                0x0000000000002086                energest_current_time
 COMMON         0x000000000000209e        0x1 contiki-z1.a(process.o)
                0x000000000000209e                process_maxevents
 *fill*         0x000000000000209f        0x1 00
 COMMON         0x00000000000020a0      0x15c contiki-z1.a(uip-ds6.o)
                0x00000000000020a0                uip_ds6_timer_ra
                0x00000000000020a8                uip_ds6_if
                0x0000000000002194                uip_ds6_netif_addr_list_offset
                0x0000000000002195                uip_ds6_addr_size
                0x0000000000002196                uip_ds6_prefix_list
                0x00000000000021f0                uip_ds6_timer_periodic
 COMMON         0x00000000000021fc      0x2a0 contiki-z1.a(uip6.o)
                0x00000000000021fc                uip_len
                0x00000000000021fe                uip_sappdata
                0x0000000000002200                uip_acc32
                0x0000000000002204                uip_lladdr
                0x000000000000220c                uip_aligned_buf
                0x0000000000002298                uip_flags
                0x000000000000229a                uip_next_hdr
                0x000000000000229c                uip_udp_conn
                0x000000000000229e                uip_appdata
                0x00000000000022a0                uip_conn
                0x00000000000022a2                uip_conns
                0x0000000000002352                uip_listenports
                0x0000000000002362                uip_slen
                0x0000000000002364                uip_udp_conns
 COMMON         0x000000000000249c        0x8 contiki-z1.a(sicslowpan.o)
                0x000000000000249c                frag_sender
 COMMON         0x00000000000024a4        0x1 contiki-z1.a(tcpip.o)
                0x00000000000024a4                tcpip_event
 *fill*         0x00000000000024a5        0x1 00
 COMMON         0x00000000000024a6       0xde contiki-z1.a(rpl-dag.o)
                0x00000000000024a6                default_instance
                0x00000000000024a8                instance_table
 COMMON         0x0000000000002584       0x2e contiki-z1.a(packetbuf.o)
                0x0000000000002584                packetbuf_addrs
                0x0000000000002594                packetbuf_attrs
 COMMON         0x00000000000025b2        0x8 contiki-z1.a(linkaddr.o)
                0x00000000000025b2                linkaddr_node_addr
 COMMON         0x00000000000025ba       0x10 contiki-z1.a(i2cmaster.o)
                0x00000000000025ba                transmit_data1
                0x00000000000025bb                rx_byte_ctr
                0x00000000000025bc                tx_buf_ptr
                0x00000000000025be                tx_byte_ctr
                0x00000000000025c0                i
                0x00000000000025c2                receive_data
                0x00000000000025c4                rx_buf
                0x00000000000025c6                transmit_data2
                0x00000000000025c8                rx_buf_ptr
                0x00000000000025ca                . = ALIGN (0x2)
                0x00000000000025ca                PROVIDE (__bss_end, .)
                0x00000000000013a4                PROVIDE (__bss_size, SIZEOF (.bss))

.noinit         0x00000000000025ca        0x2 load address 0x000000000000f066
                0x00000000000025ca                PROVIDE (__noinit_start, .)
 *(.noinit .noinit.*)
 .noinit.crt0   0x00000000000025ca        0x2 /usr/lib/gcc/msp430/4.6.3/mcpu-430x/mmpy-16/libcrt0.a(__watchdog_support.o)
                0x00000000000025ca                __wdt_clear_value
                0x00000000000025cc                . = ALIGN (0x2)
                0x00000000000025cc                PROVIDE (__noinit_end, .)
                0x00000000000025cc                . = ALIGN (0x2)
                0x00000000000025cc                _end = .

.infomem        0x0000000000001000        0x0
 *(.infomem)
                0x0000000000001000                . = ALIGN (0x2)
 *(.infomem.*)

.infomemnobits  0x0000000000001000        0x0
 *(.infomemnobits)
                0x0000000000001000                . = ALIGN (0x2)
 *(.infomemnobits.*)

.infoa
 *(.infoa .infoa.*)

.infob
 *(.infob .infob.*)

.infoc
 *(.infoc .infoc.*)

.infod
 *(.infod .infod.*)

.vectors        0x000000000000ffc0       0x40
                0x000000000000ffc0                PROVIDE (__vectors_start, .)
 *(.vectors*)
 .vectors       0x000000000000ffc0       0x40 /usr/lib/gcc/msp430/4.6.3/mcpu-430x/mmpy-16/crt0ivtbl32.o
                0x000000000000ffc0                __ivtbl_32
                0x0000000000010000                _vectors_end = .

.fartext        0x0000000000010000        0x0
                0x0000000000010000                . = ALIGN (0x2)
 *(.fartext)
                0x0000000000010000                . = ALIGN (0x2)
 *(.fartext.*)
                0x0000000000010000                _efartext = .

.profiler
 *(.profiler)

.stab           0x0000000000000000    0x2a090
 *(.stab)
 .stab          0x0000000000000000     0x1dd0 smart_thermostat.co
 .stab          0x0000000000001dd0     0x1278 obj_z1/contiki-z1-main.o
                                       0x1b24 (size before relaxing)
 .stab          0x0000000000003048      0x27c contiki-z1.a(contiki-z1-plat)
                                        0x5a0 (size before relaxing)
 .stab          0x00000000000032c4      0x4a4 contiki-z1.a(msp430.o)
                                        0x7f8 (size before relaxing)
 .stab          0x0000000000003768      0x5dc contiki-z1.a(leds.o)
                                        0x828 (size before relaxing)
 .stab          0x0000000000003d44      0x3fc contiki-z1.a(watchdog.o)
                                        0x750 (size before relaxing)
 .stab          0x0000000000004140      0x9fc contiki-z1.a(xmem.o)
                                        0xf3c (size before relaxing)
 .stab          0x0000000000004b3c      0x288 contiki-z1.a(spi.o)
                                        0x5dc (size before relaxing)
 .stab          0x0000000000004dc4     0x25ec contiki-z1.a(cc2420.o)
                                       0x2cac (size before relaxing)
 .stab          0x00000000000073b0      0xd44 contiki-z1.a(cc2420-arch.o)
                                       0x16a4 (size before relaxing)
 .stab          0x00000000000080f4      0x300 contiki-z1.a(node-id.o)
                                        0x6d8 (size before relaxing)
 .stab          0x00000000000083f4      0x654 contiki-z1.a(sensors.o)
                                        0xb70 (size before relaxing)
 .stab          0x0000000000008a48      0x468 contiki-z1.a(button-sensor.o)
                                        0x7d4 (size before relaxing)
 .stab          0x0000000000008eb0      0x4f8 contiki-z1.a(uart0.o)
                                        0xa2c (size before relaxing)
 .stab          0x00000000000093a8      0x264 contiki-z1.a(uart0-putchar.o)
                                        0x78c (size before relaxing)
 .stab          0x000000000000960c      0xb10 contiki-z1.a(adxl345.o)
                                       0x1128 (size before relaxing)
 .stab          0x000000000000a11c      0x948 contiki-z1.a(clock.o)
                                        0xc9c (size before relaxing)
 .stab          0x000000000000aa64      0x3a8 contiki-z1.a(leds-arch.o)
                                        0x6fc (size before relaxing)
 .stab          0x000000000000ae0c      0x3cc contiki-z1.a(rtimer-arch.o)
                                        0x720 (size before relaxing)
 .stab          0x000000000000b1d8      0x294 contiki-z1.a(autostart.o)
                                        0x534 (size before relaxing)
 .stab          0x000000000000b46c      0x474 contiki-z1.a(energest.o)
                                        0x6fc (size before relaxing)
 .stab          0x000000000000b8e0      0xa38 contiki-z1.a(etimer.o)
                                        0xd08 (size before relaxing)
 .stab          0x000000000000c318      0x7a4 contiki-z1.a(ctimer.o)
                                        0xb10 (size before relaxing)
 .stab          0x000000000000cabc      0xb7c contiki-z1.a(process.o)
                                       0x1014 (size before relaxing)
 .stab          0x000000000000d638      0x3c0 contiki-z1.a(rtimer.o)
                                        0x6c0 (size before relaxing)
 .stab          0x000000000000d9f8      0x354 contiki-z1.a(timer.o)
                                        0x594 (size before relaxing)
 .stab          0x000000000000dd4c      0x7f8 contiki-z1.a(list.o)
                                        0x804 (size before relaxing)
 .stab          0x000000000000e544     0x1404 contiki-z1.a(uip-ds6.o)
                                       0x1f74 (size before relaxing)
 .stab          0x000000000000f948     0x1260 contiki-z1.a(uip-ds6-route.o)
                                       0x1de8 (size before relaxing)
 .stab          0x0000000000010ba8     0x2bbc contiki-z1.a(uip6.o)
                                       0x3780 (size before relaxing)
 .stab          0x0000000000013764      0xde0 contiki-z1.a(uip-ds6-nbr.o)
                                       0x1818 (size before relaxing)
 .stab          0x0000000000014544      0xd20 contiki-z1.a(uip-nd6.o)
                                       0x18fc (size before relaxing)
 .stab          0x0000000000015264     0x1f8c contiki-z1.a(sicslowpan.o)
                                       0x2ef8 (size before relaxing)
 .stab          0x00000000000171f0     0x14ac contiki-z1.a(tcpip.o)
                                       0x26f4 (size before relaxing)
 .stab          0x000000000001869c      0x8c4 contiki-z1.a(simple-udp.o)
                                       0x19d4 (size before relaxing)
 .stab          0x0000000000018f60      0x444 contiki-z1.a(uip-debug.o)
                                        0xbd0 (size before relaxing)
 .stab          0x00000000000193a4     0x300c contiki-z1.a(rpl-dag.o)
                                       0x3c18 (size before relaxing)
 .stab          0x000000000001c3b0      0xbdc contiki-z1.a(rpl-timers.o)
                                       0x18cc (size before relaxing)
 .stab          0x000000000001cf8c      0xa50 contiki-z1.a(rpl-ext-header.)
                                       0x180c (size before relaxing)
 .stab          0x000000000001d9dc      0xa68 contiki-z1.a(rpl.o)
                                       0x17b8 (size before relaxing)
 .stab          0x000000000001e444      0x8ac contiki-z1.a(rpl-mrhof.o)
                                       0x159c (size before relaxing)
 .stab          0x000000000001ecf0      0xaa4 contiki-z1.a(queuebuf.o)
                                       0x1bb4 (size before relaxing)
 .stab          0x000000000001f794      0xd80 contiki-z1.a(nbr-table.o)
                                       0x1428 (size before relaxing)
 .stab          0x0000000000020514      0xdb0 contiki-z1.a(packetbuf.o)
                                       0x1ed8 (size before relaxing)
 .stab          0x00000000000212c4      0x2c4 contiki-z1.a(linkaddr.o)
                                        0x6c0 (size before relaxing)
 .stab          0x0000000000021588      0x930 contiki-z1.a(framer-802154.o)
                                        0xf54 (size before relaxing)
 .stab          0x0000000000021eb8      0x924 contiki-z1.a(frame802154.o)
                                       0x10f8 (size before relaxing)
 .stab          0x00000000000227dc     0x1050 contiki-z1.a(csma.o)
                                       0x1590 (size before relaxing)
 .stab          0x000000000002382c      0x3fc contiki-z1.a(framer.o)
                                        0xc54 (size before relaxing)
 .stab          0x0000000000023c28     0x1794 contiki-z1.a(contikimac.o)
                                       0x2208 (size before relaxing)
 .stab          0x00000000000253bc      0x75c contiki-z1.a(nullsec.o)
                                        0xda4 (size before relaxing)
 .stab          0x0000000000025b18      0x894 contiki-z1.a(i2cmaster.o)
                                        0xbe8 (size before relaxing)
 .stab          0x00000000000263ac      0x3c0 contiki-z1.a(stimer.o)
                                        0x600 (size before relaxing)
 .stab          0x000000000002676c      0x5c4 contiki-z1.a(memb.o)
                                        0xaf8 (size before relaxing)
 .stab          0x0000000000026d30      0x228 contiki-z1.a(random.o)
                                        0x624 (size before relaxing)
 .stab          0x0000000000026f58      0xcf0 contiki-z1.a(uip-icmp6.o)
                                       0x1968 (size before relaxing)
 .stab          0x0000000000027c48      0x444 contiki-z1.a(uip-udp-packet.)
                                        0xc00 (size before relaxing)
 .stab          0x000000000002808c     0x17ac contiki-z1.a(rpl-icmp6.o)
                                       0x25b0 (size before relaxing)
 .stab          0x0000000000029838      0x660 contiki-z1.a(mac-sequence.o)
                                       0x1788 (size before relaxing)
 .stab          0x0000000000029e98      0x1f8 contiki-z1.a(mac.o)
                                        0x4ec (size before relaxing)

.stabstr        0x0000000000000000    0x1fb97
 *(.stabstr)
 .stabstr       0x0000000000000000    0x1fb97 smart_thermostat.co

.stab.excl
 *(.stab.excl)

.stab.exclstr
 *(.stab.exclstr)

.stab.index
 *(.stab.index)

.stab.indexstr
 *(.stab.indexstr)

.comment
 *(.comment)

.debug
 *(.debug)

.line
 *(.line)

.debug_srcinfo
 *(.debug_srcinfo)

.debug_sfnames
 *(.debug_sfnames)

.debug_aranges  0x0000000000000000      0x1a4
 *(.debug_aranges)
 .debug_aranges
                0x0000000000000000       0x14 /usr/lib/gcc/msp430/4.6.3/mcpu-430x/mmpy-16/libgcc.a(_mulsi3.o)
 .debug_aranges
                0x0000000000000014       0x14 /usr/lib/gcc/msp430/4.6.3/mcpu-430x/mmpy-16/libgcc.a(_udivmod16.o)
 .debug_aranges
                0x0000000000000028       0x14 /usr/lib/gcc/msp430/4.6.3/mcpu-430x/mmpy-16/libgcc.a(_divmod16.o)
 .debug_aranges
                0x000000000000003c       0x14 /usr/lib/gcc/msp430/4.6.3/mcpu-430x/mmpy-16/libgcc.a(_udivmod32.o)
 .debug_aranges
                0x0000000000000050       0x14 /usr/lib/gcc/msp430/4.6.3/../../../../msp430/lib/mcpu-430x/mmpy-16/libc.a(strncmp.o)
 .debug_aranges
                0x0000000000000064       0x14 /usr/lib/gcc/msp430/4.6.3/../../../../msp430/lib/mcpu-430x/mmpy-16/libc.a(memcmp.o)
 .debug_aranges
                0x0000000000000078       0x14 /usr/lib/gcc/msp430/4.6.3/../../../../msp430/lib/mcpu-430x/mmpy-16/libc.a(memcpy.o)
 .debug_aranges
                0x000000000000008c       0x14 /usr/lib/gcc/msp430/4.6.3/../../../../msp430/lib/mcpu-430x/mmpy-16/libc.a(memmove.o)
 .debug_aranges
                0x00000000000000a0       0x14 /usr/lib/gcc/msp430/4.6.3/../../../../msp430/lib/mcpu-430x/mmpy-16/libc.a(memset.o)
 .debug_aranges
                0x00000000000000b4       0x14 /usr/lib/gcc/msp430/4.6.3/../../../../msp430/lib/mcpu-430x/mmpy-16/libc.a(printf.o)
 .debug_aranges
                0x00000000000000c8       0x14 /usr/lib/gcc/msp430/4.6.3/../../../../msp430/lib/mcpu-430x/mmpy-16/libc.a(sprintf.o)
 .debug_aranges
                0x00000000000000dc       0x14 /usr/lib/gcc/msp430/4.6.3/../../../../msp430/lib/mcpu-430x/mmpy-16/libc.a(vuprintf.o)
 .debug_aranges
                0x00000000000000f0       0x14 /usr/lib/gcc/msp430/4.6.3/../../../../msp430/lib/mcpu-430x/mmpy-16/libc.a(puts.o)
 .debug_aranges
                0x0000000000000104       0x14 /usr/lib/gcc/msp430/4.6.3/../../../../msp430/lib/mcpu-430x/mmpy-16/libc.a(rand.o)
 .debug_aranges
                0x0000000000000118       0x14 /usr/lib/gcc/msp430/4.6.3/mcpu-430x/mmpy-16/libgcc.a(_udivmod64.o)